------------------------------------------------------------------------------------------------------------------------
      name:  rep
       log:  logs/etregress_check.log
  log type:  text
 opened on:   3 Oct 2026, 08:38:40

. do "tests/etregress_check.do"

. * etregress_check.do -- esreg against Stata's own etregress (Stata 19, [CAUSAL] etregress)
. * With poutcomes and the treatment interacted with every outcome covariate, etregress fits
. * exactly the unconstrained ESR (separate beta_j, sigma_j, rho_j): the log likelihoods and
. * the coefficients must agree to every digit, and margins, predict(cte) subpop() must give
. * esreg's ATT.  cfunction (one-step GMM on stacked moments) is a second reference for the
. * stacked-moment variance of the two-step route.
. foreach f in esreg esreg_lf1 esreg_engine esreg_mata _esreg_getest _esreg_data _esreg_effects_post _esreg_esample _esr
> eg_ifcov esreg_p esrdiag esrtest {
  2.     cap confirm file "`f'.ado"
  3.     if (_rc == 0) run "`f'.ado"
  4.     else {
  5.         cap confirm file "src/`f'.ado"
  6.         if (_rc == 0) run "src/`f'.ado"
  7.         else          run "../src/`f'.ado"
  8.     }
  9. }

. * ---------------------------------------------------------------- drugexp (manual, example 2 and 4)
. use "data/drugexp.dta", clear
(Presciption drug expenditures)

. etregress lndrug i.ins#c.(chron age lninc) chron age lninc, treat(ins = age married lninc work) poutcomes nolog

Linear regression with endogenous treatment            Number of obs =   6,000
Estimator: Maximum likelihood                          Wald chi2(7)  = 2606.51
Log likelihood = -12465.112                            Prob > chi2   =  0.0000

------------------------------------------------------------------------------
             | Coefficient  Std. err.      z    P>|z|     [95% conf. interval]
-------------+----------------------------------------------------------------
lndrug       |
 ins#c.chron |
          1  |   .1150184   .0819974     1.40   0.161    -.0456935    .2757302
             |
   ins#c.age |
          1  |   .0033155   .0069692     0.48   0.634    -.0103439    .0169749
             |
 ins#c.lninc |
          1  |  -.0573585   .0527994    -1.09   0.277    -.1608434    .0461263
             |
       chron |   .3820841   .0739546     5.17   0.000     .2371357    .5270325
         age |   .0983264   .0066685    14.74   0.000     .0852563    .1113964
       lninc |   .0917705   .0492356     1.86   0.062    -.0047295    .1882705
             |
         ins |
          1  |  -.7942432   .2837363    -2.80   0.005    -1.350356   -.2381302
             |
       _cons |   1.731098   .2493002     6.94   0.000     1.242478    2.219717
-------------+----------------------------------------------------------------
ins          |
         age |   .0210097    .002294     9.16   0.000     .0165136    .0255058
     married |   .0711447   .0338649     2.10   0.036     .0047708    .1375186
       lninc |   .1005195   .0222276     4.52   0.000     .0569541    .1440849
        work |   .3034727   .0355003     8.55   0.000     .2338933     .373052
       _cons |   -.616793   .1079926    -5.71   0.000    -.8284546   -.4051314
-------------+----------------------------------------------------------------
    /athrho0 |   .3883549   .2360287     1.65   0.100    -.0742529    .8509626
   /lnsigma0 |   .3105922   .0652493     4.76   0.000     .1827059    .4384786
    /athrho1 |   .5997907   .1203399     4.98   0.000     .3639288    .8356526
   /lnsigma1 |   .1480827   .0258966     5.72   0.000     .0973264     .198839
-------------+----------------------------------------------------------------
        rho0 |   .3699411   .2037267                     -.0741167     .691572
      sigma0 |   1.364233   .0890153                      1.200461    1.550347
     lambda0 |   .5046858   .3096356                     -.1021888     1.11156
        rho1 |   .5369006   .0856505                        .34867    .6834995
      sigma1 |   1.159609   .0300299                       1.10222    1.219986
     lambda1 |   .6225947   .1142436                      .3986813    .8465081
------------------------------------------------------------------------------
Wald test of indep. (rho0 = rho1 = 0): chi2(2) =   27.30  Prob > chi2 = 0.0000

. estimates store et_ml

. * ATT (cte on the treated) and ATE; vce(unconditional) needs vce(robust), so the delta-method
. * variance here is the "parameter" component of esreg's, the sampling component apart
. margins, predict(cte) subpop(ins)

Predictive margins                                     Number of obs   = 6,000
Model VCE: OIM                                         Subpop. no. obs = 4,556

Expression: Conditional treatment effect, predict(cte)

------------------------------------------------------------------------------
             |            Delta-method
             |     Margin   std. err.      z    P>|z|     [95% conf. interval]
-------------+----------------------------------------------------------------
       _cons |  -.7156292    .528893    -1.35   0.176     -1.75224     .320982
------------------------------------------------------------------------------

. margins r.ins, contrast(nowald)

Contrasts of predictive margins                          Number of obs = 6,000
Model VCE: OIM

Expression: Linear prediction, predict()

--------------------------------------------------------------
             |            Delta-method
             |   Contrast   std. err.     [95% conf. interval]
-------------+------------------------------------------------
         ins |
   (1 vs 0)  |  -.7620987    .405772     -1.557397    .0331999
--------------------------------------------------------------

. di as txt "expected from esreg / Python: ll = -12465.1123; ATT -.71550 ATU -.90863 ATE -.76198 kappa .11797"
expected from esreg / Python: ll = -12465.1123; ATT -.71550 ATU -.90863 ATE -.76198 kappa .11797

. esreg lndrug chron age lninc, select(ins = age married lninc work) nolog


Endogenous switching regression -- full information ML

                                                       Number of obs =   6,000
                                                       Wald chi2(3)  = 2149.79
Log likelihood = -12465.112                            Prob > chi2   =  0.0000

------------------------------------------------------------------------------
      lndrug | Coefficient  Std. err.      z    P>|z|     [95% conf. interval]
-------------+----------------------------------------------------------------
lndrug_1     |
       chron |   .4971025   .0354109    14.04   0.000     .4276984    .5665067
         age |   .1016418   .0022906    44.37   0.000     .0971523    .1061314
       lninc |   .0344116   .0216175     1.59   0.111    -.0079579    .0767811
       _cons |   .9368614   .1396604     6.71   0.000      .663132    1.210591
-------------+----------------------------------------------------------------
lndrug_0     |
       chron |    .382083   .0739547     5.17   0.000     .2371344    .5270317
         age |   .0983284   .0066687    14.74   0.000     .0852581    .1113988
       lninc |    .091781   .0492364     1.86   0.062    -.0047206    .1882825
       _cons |   1.731161   .2493042     6.94   0.000     1.242534    2.219788
-------------+----------------------------------------------------------------
ins          |
         age |   .0210097    .002294     9.16   0.000     .0165136    .0255058
     married |   .0711446   .0338646     2.10   0.036     .0047712    .1375179
       lninc |   .1005194   .0222276     4.52   0.000     .0569541    .1440848
        work |   .3034692   .0355007     8.55   0.000     .2338892    .3730492
       _cons |  -.6167908   .1079927    -5.71   0.000    -.8284525    -.405129
-------------+----------------------------------------------------------------
lnsigma_1    |
       _cons |   .1480814    .025897     5.72   0.000     .0973243    .1988386
-------------+----------------------------------------------------------------
lnsigma_0    |
       _cons |   .3106208   .0652637     4.76   0.000     .1827064    .4385352
-------------+----------------------------------------------------------------
atanhrho_1   |
       _cons |   .5997831    .120343     4.98   0.000     .3639151    .8356511
-------------+----------------------------------------------------------------
atanhrho_0   |
       _cons |   .3884562    .236033     1.65   0.100    -.0741599    .8510723
------------------------------------------------------------------------------
LR test of independent equations (rho1 = rho0 = 0): chi2(2) =    14.04   Prob > chi2 = 0.0009
sigma_1 =  1.15961   sigma_0 =  1.36427   rho_1 =  .536895   rho_0 =  .370029

Treatment effects (std. err.: influence function of the whole procedure)
----------------------------------------------------------------------------
Index    |   Estimate   Std. err.        z    P>|z|     [95% conf. interval]
---------+------------------------------------------------------------------
     ATT |   -.715858     .528892    -1.35   0.176     -1.75247     .320752
     ATU |   -.908632     .196248    -4.63   0.000     -1.29327    -.523993
     ATE |   -.762252     .405842    -1.88   0.060     -1.55769    .0331832
   kappa |    .117768     .328353     0.36   0.720     -.525793     .761329
----------------------------------------------------------------------------
kappa = rho1*sigma1 - rho0*sigma0;  ATT - ATU = kappa*(mean lambda1 + mean lambda0)
Variance of ATT: parameters      .28 + sampling  1.2e-06 + covariance -.000017 (by observation)
Common support of P(Z): [0.5221, 0.9303]

. di as txt "esreg FIML: ll = " e(ll) "   ATT = " e(att) "  ATU = " e(atu) "  kappa = " e(kappa)
esreg FIML: ll = -12465.112   ATT = -.7158576  ATU = -.9086317  kappa = .11776811

. etregress lndrug i.ins#c.(chron age lninc) chron age lninc, treat(ins = age married lninc work) poutcomes cfunction no
> log

Linear regression with endogenous treatment              Number of obs = 6,000
Estimator: Control function
------------------------------------------------------------------------------
             |               Robust
             | Coefficient  std. err.      z    P>|z|     [95% conf. interval]
-------------+----------------------------------------------------------------
lndrug       |
 ins#c.chron |
          1  |   .1133976   .0802995     1.41   0.158    -.0439864    .2707816
             |
   ins#c.age |
          1  |   .0058992   .0071188     0.83   0.407    -.0080535    .0198518
             |
 ins#c.lninc |
          1  |  -.0445892   .0513649    -0.87   0.385    -.1452625    .0560841
             |
       chron |    .382696   .0721603     5.30   0.000     .2412644    .5241277
         age |   .0975982   .0066404    14.70   0.000     .0845832    .1106131
       lninc |   .0883221   .0467742     1.89   0.059    -.0033537    .1799979
             |
         ins |
          1  |  -.9517494   .3588996    -2.65   0.008     -1.65518    -.248319
             |
       _cons |    1.70454   .2519176     6.77   0.000      1.21079    2.198289
-------------+----------------------------------------------------------------
ins          |
         age |    .021142   .0022961     9.21   0.000     .0166416    .0256424
     married |    .084631   .0359713     2.35   0.019     .0141286    .1551334
       lninc |   .1023032   .0225009     4.55   0.000     .0582022    .1464041
        work |    .288418   .0372281     7.75   0.000     .2154522    .3613837
       _cons |   -.622993    .108795    -5.73   0.000    -.8362273   -.4097587
-------------+----------------------------------------------------------------
    /athrho0 |    .349986   .2377288     1.47   0.141    -.1159539    .8159259
   /lnsigma0 |   .3010053   .0599708     5.02   0.000     .1834647    .4185459
    /athrho1 |   .8396921   .3240882     2.59   0.010     .2044909    1.474893
   /lnsigma1 |   .1959146   .0660102     2.97   0.003      .066537    .3252923
-------------+----------------------------------------------------------------
        rho0 |   .3363632   .2108321                      -.115437    .6728463
      sigma0 |   1.351216   .0810336                      1.201373     1.51975
     lambda0 |   .4544994    .310845                     -.1547455    1.063744
        rho1 |   .6856459    .171731                      .2016874    .9005068
      sigma1 |   1.216423   .0802963                      1.068801    1.384435
     lambda1 |   .8340355   .2634141                      .3177533    1.350318
------------------------------------------------------------------------------
Wald test of indep. (rho0 = rho1 = 0): chi2(2) =    8.38  Prob > chi2 = 0.0151

. margins, predict(cte) subpop(ins) vce(unconditional)

Predictive margins                                     Number of obs   = 6,000
                                                       Subpop. no. obs = 4,556

Expression: Conditional treatment effect, predict(cte)

------------------------------------------------------------------------------
             |            Unconditional
             |     Margin   std. err.      z    P>|z|     [95% conf. interval]
-------------+----------------------------------------------------------------
       _cons |  -.6305494   .5324283    -1.18   0.236     -1.67409     .412991
------------------------------------------------------------------------------

. esreg lndrug chron age lninc, select(ins = age married lninc work) method(twostep) nolog

Endogenous switching regression -- two-step     Number of obs =      6000
Outcome: lndrug   Treatment: ins                Treated       =      4556
Std. err.: exact variance of the two-step procedure (stacked moments)
------------------------------------------------------------------------------
      lndrug | Coefficient  Std. err.      z    P>|z|     [95% conf. interval]
-------------+----------------------------------------------------------------
ins          |
         age |    .021142   .0022961     9.21   0.000     .0166416    .0256424
     married |    .084631   .0359713     2.35   0.019     .0141286    .1551334
       lninc |   .1023032   .0225009     4.55   0.000     .0582022    .1464041
        work |    .288418   .0372281     7.75   0.000     .2154522    .3613837
       _cons |   -.622993    .108795    -5.73   0.000    -.8362273   -.4097587
-------------+----------------------------------------------------------------
lndrug_1     |
       chron |   .4960936   .0352549    14.07   0.000     .4269953    .5651919
         age |   .1034973    .003139    32.97   0.000      .097345    .1096496
       lninc |   .0437329   .0247101     1.77   0.077    -.0046979    .0921638
      lambda |   .8340355   .2667873     3.13   0.002      .311142    1.356929
       _cons |   .7527902   .2540143     2.96   0.003     .2549313    1.250649
-------------+----------------------------------------------------------------
lndrug_0     |
       chron |    .382696   .0721605     5.30   0.000     .2412641     .524128
         age |   .0975982   .0066396    14.70   0.000     .0845848    .1106116
       lninc |   .0883221     .04678     1.89   0.059     -.003365    .1800092
      lambda |   .4544994   .3108102     1.46   0.144    -.1546774    1.063676
       _cons |    1.70454   .2519028     6.77   0.000     1.210819     2.19826
------------------------------------------------------------------------------
sigma_1 =  1.21642   sigma_0 =  1.35122   rho_1 =  .685646   rho_0 =  .336363

Treatment effects (std. err.: influence function of the whole procedure)
----------------------------------------------------------------------------
Index    |   Estimate   Std. err.        z    P>|z|     [95% conf. interval]
---------+------------------------------------------------------------------
     ATT |   -.630549     .532326    -1.18   0.236     -1.67389     .412791
     ATU |    -1.2645     .451884    -2.80   0.005     -2.15018    -.378823
     ATE |    -.78312      .42731    -1.83   0.067     -1.62063    .0543918
   kappa |    .379536     .394682     0.96   0.336     -.394026      1.1531
----------------------------------------------------------------------------
kappa = rho1*sigma1 - rho0*sigma0;  ATT - ATU = kappa*(mean lambda1 + mean lambda0)
Variance of ATT: parameters     .283 + sampling  1.3e-06 + covariance -.000035 (by observation)
Common support of P(Z): [0.5219, 0.9314]

. di as txt "expected (Python two-step): probit .021142 .084631 .102303 .288418 -.622993 (= etregress's ins equation);"
expected (Python two-step): probit .021142 .084631 .102303 .288418 -.622993 (= etregress's ins equation);

. di as txt "   ATT -.63055 (.53236) ATU -1.2645 (.45150) kappa .37954 (.39468); sigma1 1.21642 sigma0 1.35122"
   ATT -.63055 (.53236) ATU -1.2645 (.45150) kappa .37954 (.39468); sigma1 1.21642 sigma0 1.35122

. * ---------------------------------------------------------------- union3 (manual, examples 1, 3, 5)
. use "data/union3.dta", clear
(NLS Women 14-24 in 1968)

. etregress wage i.union#c.(age grade smsa black tenure) age grade smsa black tenure, ///
>     treat(union = south black tenure) poutcomes nolog

Linear regression with endogenous treatment             Number of obs =  1,210
Estimator: Maximum likelihood                           Wald chi2(11) = 456.77
Log likelihood = -3008.421                              Prob > chi2   = 0.0000

--------------------------------------------------------------------------------
               | Coefficient  Std. err.      z    P>|z|     [95% conf. interval]
---------------+----------------------------------------------------------------
wage           |
   union#c.age |
            1  |   .0339865   .0523764     0.65   0.516    -.0686693    .1366423
               |
 union#c.grade |
            1  |  -.0129133    .070107    -0.18   0.854    -.1503206     .124494
               |
  union#c.smsa |
            1  |   .2103457   .3564249     0.59   0.555    -.4882341    .9089256
               |
 union#c.black |
            1  |  -.3742105   .3340651    -1.12   0.263    -1.028966     .280545
               |
union#c.tenure |
            1  |   -.013318   .0911436    -0.15   0.884    -.1919562    .1653202
               |
           age |   .1238633   .0196539     6.30   0.000     .0853425    .1623842
         grade |   .3926737   .0327402    11.99   0.000     .3285042    .4568433
          smsa |   .8541254   .1250851     6.83   0.000     .6089632    1.099288
         black |   -.750988   .1539197    -4.88   0.000    -1.052665   -.4493109
        tenure |   .1347967    .040556     3.32   0.001     .0553083     .214285
       1.union |   2.077386   1.507203     1.38   0.168    -.8766777     5.03145
         _cons |  -3.620086   .5650353    -6.41   0.000    -4.727535   -2.512637
---------------+----------------------------------------------------------------
union          |
         south |   -.522858   .0781888    -6.69   0.000    -.6761051   -.3696108
         black |   .4741427   .0925658     5.12   0.000     .2927169    .6555684
        tenure |    .051472   .0219107     2.35   0.019     .0085279    .0944161
         _cons |  -.8064324    .065518   -12.31   0.000    -.9348454   -.6780194
---------------+----------------------------------------------------------------
      /athrho0 |  -1.492978   .1032416   -14.46   0.000    -1.695328   -1.290628
     /lnsigma0 |   .7641766   .0280182    27.27   0.000     .7092619    .8190912
      /athrho1 |  -.3816055    .189274    -2.02   0.044    -.7525758   -.0106352
     /lnsigma1 |   .7843832   .0683691    11.47   0.000     .6503823    .9183842
---------------+----------------------------------------------------------------
          rho0 |  -.9038712   .0188949                     -.9348225    -.859291
        sigma0 |   2.147226   .0601614                      2.032491    2.268437
       lambda0 |  -1.940815    .083942                     -2.105339   -1.776292
          rho1 |   -.364101   .1641821                     -.6366831   -.0106348
        sigma1 |   2.191055   .1498005                      1.916273    2.505239
       lambda1 |  -.7977653   .4028257                     -1.587289   -.0082414
--------------------------------------------------------------------------------
Wald test of indep. (rho0 = rho1 = 0): chi2(2) =  213.61  Prob > chi2 = 0.0000

. margins, predict(cte) subpop(union)

Predictive margins                                     Number of obs   = 1,210
Model VCE: OIM                                         Subpop. no. obs =   253

Expression: Conditional treatment effect, predict(cte)

------------------------------------------------------------------------------
             |            Delta-method
             |     Margin   std. err.      z    P>|z|     [95% conf. interval]
-------------+----------------------------------------------------------------
       _cons |   4.186301   .1921523    21.79   0.000     3.809689    4.562913
------------------------------------------------------------------------------

. di as txt "expected from esreg / Python: ll = -3008.4210; ATT 4.1863 ATU 2.3262 kappa 1.1431; rho0 = -.9039"
expected from esreg / Python: ll = -3008.4210; ATT 4.1863 ATU 2.3262 kappa 1.1431; rho0 = -.9039

. esreg wage age grade smsa black tenure, select(union = south black tenure) nolog


Endogenous switching regression -- full information ML

                                                        Number of obs =  1,210
                                                        Wald chi2(5)  =  96.51
Log likelihood = -3008.421                              Prob > chi2   = 0.0000

------------------------------------------------------------------------------
        wage | Coefficient  Std. err.      z    P>|z|     [95% conf. interval]
-------------+----------------------------------------------------------------
wage_1       |
         age |   .1578498   .0485567     3.25   0.001     .0626804    .2530192
       grade |   .3797604   .0619886     6.13   0.000     .2582649    .5012559
        smsa |   1.064471   .3339664     3.19   0.001     .4099089    1.719033
       black |  -1.125199    .309978    -3.63   0.000    -1.732745   -.5176533
      tenure |   .1214786   .0851853     1.43   0.154    -.0454815    .2884386
       _cons |  -1.542697   1.395512    -1.11   0.269    -4.277851    1.192457
-------------+----------------------------------------------------------------
wage_0       |
         age |   .1238633   .0196539     6.30   0.000     .0853425    .1623842
       grade |   .3926737   .0327402    11.99   0.000     .3285042    .4568433
        smsa |   .8541254   .1250851     6.83   0.000     .6089632    1.099288
       black |   -.750988   .1539197    -4.88   0.000    -1.052665   -.4493109
      tenure |   .1347967    .040556     3.32   0.001     .0553083     .214285
       _cons |  -3.620086   .5650353    -6.41   0.000    -4.727535   -2.512637
-------------+----------------------------------------------------------------
union        |
       south |   -.522858   .0781887    -6.69   0.000    -.6761051   -.3696109
       black |   .4741427   .0925658     5.12   0.000     .2927169    .6555684
      tenure |    .051472   .0219107     2.35   0.019     .0085279    .0944161
       _cons |  -.8064324    .065518   -12.31   0.000    -.9348454   -.6780194
-------------+----------------------------------------------------------------
lnsigma_1    |
       _cons |   .7843834   .0683691    11.47   0.000     .6503823    .9183844
-------------+----------------------------------------------------------------
lnsigma_0    |
       _cons |   .7641766   .0280182    27.27   0.000     .7092619    .8190912
-------------+----------------------------------------------------------------
atanhrho_1   |
       _cons |  -.3816064   .1892738    -2.02   0.044    -.7525761   -.0106366
-------------+----------------------------------------------------------------
atanhrho_0   |
       _cons |  -1.492978   .1032416   -14.46   0.000    -1.695328   -1.290628
------------------------------------------------------------------------------
LR test of independent equations (rho1 = rho0 = 0): chi2(2) =    93.68   Prob > chi2 = 0.0000
sigma_1 =  2.19106   sigma_0 =  2.14723   rho_1 = -.364102   rho_0 = -.903871

Treatment effects (std. err.: influence function of the whole procedure)
----------------------------------------------------------------------------
Index    |   Estimate   Std. err.        z    P>|z|     [95% conf. interval]
---------+------------------------------------------------------------------
     ATT |     4.1863     .193813    21.60   0.000      3.80643     4.56617
     ATU |    2.32624     .695486     3.34   0.001      .963112     3.68937
     ATE |    2.71516     .555482     4.89   0.000      1.62644     3.80389
   kappa |    1.14305      .41246     2.77   0.006      .334641     1.95146
----------------------------------------------------------------------------
kappa = rho1*sigma1 - rho0*sigma0;  ATT - ATU = kappa*(mean lambda1 + mean lambda0)
Variance of ATT: parameters    .0369 + sampling  .000541 + covariance    .0001 (by observation)
Common support of P(Z): [0.0919, 0.4771]

. esrdiag

Diagnostics of the selection equation (fiml estimation of wage on treatment union)
----------------------------------------------------------------------------
Fit of the selection equation (probit of union on the whole of Z)
  log likelihood   -592.1554   intercept only   -620.4271
  pseudo-R2 0.0456   LR chi2(3) =    56.54   Prob > chi2 = 0.0000
----------------------------------------------------------------------------
Strength of the excluded instruments   south
  LR test, with vs without them:  chi2(1) =    25.65   Prob > chi2 = 0.0000
  pseudo-R2 of the probit:  with 0.0456   without 0.0249   increment 0.0207
  per instrument (Wald chi2(1) in the full probit):
                     south   -0.4895 ( 0.0933)   chi2 =    27.51
----------------------------------------------------------------------------
Variation of the score beyond X
  Var(P | X) / Var(P) = 0.5987   (share of the variance of P(Z) not explained by X)
  VIF of lambda_1 on X among the treated   =     1.68
  VIF of lambda_0 on X among the untreated =     1.58
----------------------------------------------------------------------------
Support of P(Z)
  treated   [0.0919, 0.6221]           untreated [0.0919, 0.4771]
  common support [0.0919, 0.4771]
  share of the treated outside the untreated range (ATT extrapolated):   0.0079
  share of the untreated outside the treated range (ATU extrapolated):   0.0000
  ATT: full    4.1863   on the common support    4.1925
  ATU: full    2.3262   on the common support    2.3262
----------------------------------------------------------------------------
no warning

. esrtest, spec

Specification of the selection equation
(a) Link test: probit of union on v = Z g and its powers 2..2 (H0: the powers are zero)
------------------------------------------------------------------
  term                 |      Coef.   Std. err.        z    P>|z|
----------------------+-------------------------------------------
                   v  |     .56259      .41184     1.37    0.172
                 v^2  |    -.29464      .26298    -1.12    0.263
------------------------------------------------------------------
  Wald chi2(1) =     1.26   Prob > chi2 = 0.2625

(b) gamma: probit against FIML (H0: trivariate normality, A3; the gamma block of esrtest, normal)
----------------------------------------------------------------------
                          |     probit        FIML   difference   Std. err.
--------------------------+-------------------------------------------
                   south  |    -0.4895     -0.5229      0.0334      0.0589
                   black  |     0.4398      0.4741     -0.0343      0.0320
                  tenure  |     0.0998      0.0515      0.0483      0.0127
                   _cons  |    -0.9680     -0.8064     -0.1615      0.0396
----------------------------------------------------------------------
  Wald chi2(4) =    22.79   Prob > chi2 = 0.0001
Reading: (a) rejects when the index is not linear in Z (missing polynomials or
interactions) or the link is not the normal cdf; both routes then use the wrong
Mills ratios.  (b) rejects when the outcomes, read through trivariate normality,
pull gamma away from the probit: A3 fails, or the index of (a) is misspecified.

. esrtest, normal

Normality by regime
(a) Hausman contrast, FIML vs two-step (H0: trivariate normality, A3)
----------------------------------------------------------------------
                          |   two-step        FIML   difference   Std. err.
--------------------------+-------------------------------------------
             union:south  |    -0.4895     -0.5229      0.0334      0.0589
             union:black  |     0.4398      0.4741     -0.0343      0.0320
            union:tenure  |     0.0998      0.0515      0.0483      0.0127
             union:_cons  |    -0.9680     -0.8064     -0.1615      0.0396
              wage_1:age  |     0.1579      0.1578      0.0000      0.0053
            wage_1:grade  |     0.3627      0.3798     -0.0170      0.0077
             wage_1:smsa  |     0.9857      1.0645     -0.0788      0.0449
            wage_1:black  |    -1.4459     -1.1252     -0.3207      0.1797
           wage_1:tenure  |    -0.0146      0.1215     -0.1361      0.0613
            wage_1:_cons  |     1.1191     -1.5427      2.6618      1.0937
       wage_1:rho1sigma1  |    -2.2693     -0.7978     -1.4715      0.6240
              wage_0:age  |     0.1557      0.1239      0.0318      0.0112
            wage_0:grade  |     0.4428      0.3927      0.0501      0.0175
             wage_0:smsa  |     0.8192      0.8541     -0.0349      0.0654
            wage_0:black  |    -0.8310     -0.7510     -0.0800      0.1025
           wage_0:tenure  |     0.1020      0.1348     -0.0328      0.0403
            wage_0:_cons  |    -5.1298     -3.6201     -1.5097      0.4132
       wage_0:rho0sigma0  |    -2.6325     -1.9408     -0.6916      0.8483
----------------------------------------------------------------------
  Hausman chi2(18) =    55.84   Prob > chi2 = 0.0000
  kappa: two-step   .36318   FIML    1.143   difference  -.77986 (s.e.   .8972, z =  -0.87)
  Std. err. of the differences from the influence functions of the two estimators.

(b) Hermite controls beside the Mills ratio (H0: E[omega_j | u] linear in u, A2)
--------------------------------------------------------------------
  control                |      Coef.   Std. err.        z    P>|z|
------------------------+-------------------------------------------
  regime 1 (wage_1)
        E[u^2-1 | D,Z]  |    -8.3484      7.1622    -1.17    0.244
       E[u^3-3u | D,Z]  |     2.7282      2.0762     1.31    0.189
  regime 0 (wage_0)
        E[u^2-1 | D,Z]  |     -.4099      1.7596    -0.23    0.816
       E[u^3-3u | D,Z]  |     7.0887      5.2478     1.35    0.177
--------------------------------------------------------------------
  joint      Wald chi2(4) =     3.66   Prob > chi2 = 0.4540
  regime 1   Wald chi2(2) =     2.47   Prob > chi2 = 0.2906
  regime 0   Wald chi2(2) =     2.02   Prob > chi2 = 0.3651
  cubic terms (u^3-3u, both regimes) Wald chi2(2) =     2.73   Prob > chi2 = 0.2552
Reading: (a) rejects when the regime laws are not normal (the likelihood is then
inconsistent, the two-step is not); (b) rejects when E[omega_j | u] bends (both routes
lose the curve; the augmented two-step, esreg ..., method(twostep) hermite(#), fits it,
of order 3 if the cubic terms reject, else 2; the semiparametric MTE of esrmte checks it).

. di as txt "expected (Python): Hausman chi2(18) = 55.84; gamma contrast chi2(4) = 22.79; link 1.26; Hermite 3.66"
expected (Python): Hausman chi2(18) = 55.84; gamma contrast chi2(4) = 22.79; link 1.26; Hermite 3.66

. esreg ln_wage age grade smsa black tenure, select(union = south black tenure) nolog


Endogenous switching regression -- full information ML

                                                        Number of obs =  1,210
                                                        Wald chi2(5)  = 118.93
Log likelihood = -865.5426                              Prob > chi2   = 0.0000

------------------------------------------------------------------------------
     ln_wage | Coefficient  Std. err.      z    P>|z|     [95% conf. interval]
-------------+----------------------------------------------------------------
ln_wage_1    |
         age |   .0221056   .0063064     3.51   0.000     .0097452     .034466
       grade |   .0545095   .0080476     6.77   0.000     .0387365    .0702824
        smsa |   .1406696   .0432185     3.25   0.001     .0559629    .2253763
       black |  -.1738415   .0422406    -4.12   0.000    -.2566316   -.0910515
      tenure |   .0206175   .0120822     1.71   0.088    -.0030631    .0442981
       _cons |   .7702958     .19215     4.01   0.000     .3936887    1.146903
-------------+----------------------------------------------------------------
ln_wage_0    |
         age |   .0240746   .0036832     6.54   0.000     .0168557    .0312936
       grade |   .0774459    .005871    13.19   0.000     .0659391    .0889528
        smsa |   .2002747   .0233713     8.57   0.000     .1544678    .2460815
       black |  -.1261898   .0249989    -5.05   0.000    -.1751868   -.0771927
      tenure |   .0401619   .0067571     5.94   0.000     .0269182    .0534057
       _cons |  -.1271492   .1025964    -1.24   0.215    -.3282345    .0739361
-------------+----------------------------------------------------------------
union        |
       south |  -.6039546   .0901485    -6.70   0.000    -.7806425   -.4272667
       black |   .4748915   .0972948     4.88   0.000     .2841973    .6655858
      tenure |   .0958627   .0234257     4.09   0.000     .0499491    .1417763
       _cons |  -.9273253   .0738508   -12.56   0.000     -1.07207   -.7825804
-------------+----------------------------------------------------------------
lnsigma_1    |
       _cons |  -1.163371   .0972354   -11.96   0.000    -1.353949   -.9727935
-------------+----------------------------------------------------------------
lnsigma_0    |
       _cons |  -1.126405   .0289169   -38.95   0.000    -1.183082   -1.069729
-------------+----------------------------------------------------------------
atanhrho_1   |
       _cons |  -.6672692   .2185038    -3.05   0.002    -1.095529   -.2390096
-------------+----------------------------------------------------------------
atanhrho_0   |
       _cons |  -.4067873   .1179421    -3.45   0.001    -.6379497    -.175625
------------------------------------------------------------------------------
LR test of independent equations (rho1 = rho0 = 0): chi2(2) =    14.05   Prob > chi2 = 0.0009
sigma_1 =  .312431   sigma_0 =  .324197   rho_1 = -.583181   rho_0 = -.385741

Treatment effects (std. err.: influence function of the whole procedure)
----------------------------------------------------------------------------
Index    |   Estimate   Std. err.        z    P>|z|     [95% conf. interval]
---------+------------------------------------------------------------------
     ATT |    .387122    .0620373     6.24   0.000      .265531     .508713
     ATU |    .498531     .106818     4.67   0.000      .289172     .707891
     ATE |    .475237    .0858004     5.54   0.000      .307071     .643402
   kappa |  -.0571477    .0712311    -0.80   0.422     -.196758    .0824626
----------------------------------------------------------------------------
kappa = rho1*sigma1 - rho0*sigma0;  ATT - ATU = kappa*(mean lambda1 + mean lambda0)
Variance of ATT: parameters   .00382 + sampling  .000017 + covariance  8.9e-06 (by observation)
Common support of P(Z): [0.0629, 0.6662]

. esrtest, normal

Normality by regime
(a) Hausman contrast, FIML vs two-step (H0: trivariate normality, A3)
----------------------------------------------------------------------
                          |   two-step        FIML   difference   Std. err.
--------------------------+-------------------------------------------
             union:south  |    -0.4895     -0.6040      0.1145      0.0315
             union:black  |     0.4398      0.4749     -0.0351      0.0111
            union:tenure  |     0.0998      0.0959      0.0039      0.0036
             union:_cons  |    -0.9680     -0.9273     -0.0407      0.0145
           ln_wage_1:age  |     0.0219      0.0221     -0.0002      0.0005
         ln_wage_1:grade  |     0.0535      0.0545     -0.0010      0.0008
          ln_wage_1:smsa  |     0.1343      0.1407     -0.0063      0.0043
         ln_wage_1:black  |    -0.2061     -0.1738     -0.0323      0.0209
        ln_wage_1:tenure  |     0.0087      0.0206     -0.0120      0.0071
         ln_wage_1:_cons  |     1.0328      0.7703      0.2625      0.1404
    ln_wage_1:rho1sigma1  |    -0.3331     -0.1822     -0.1509      0.0810
           ln_wage_0:age  |     0.0257      0.0241      0.0016      0.0006
         ln_wage_0:grade  |     0.0755      0.0774     -0.0020      0.0008
          ln_wage_0:smsa  |     0.1783      0.2003     -0.0219      0.0061
         ln_wage_0:black  |    -0.1756     -0.1262     -0.0494      0.0237
        ln_wage_0:tenure  |     0.0203      0.0402     -0.0198      0.0076
         ln_wage_0:_cons  |    -0.2213     -0.1271     -0.0942      0.0361
    ln_wage_0:rho0sigma0  |    -0.5433     -0.1251     -0.4182      0.1387
----------------------------------------------------------------------
  Hausman chi2(18) =    29.72   Prob > chi2 = 0.0402
  kappa: two-step   .21021   FIML -.057148   difference   .26736 (s.e.   .1302, z =   2.05)
  Std. err. of the differences from the influence functions of the two estimators.

(b) Hermite controls beside the Mills ratio (H0: E[omega_j | u] linear in u, A2)
--------------------------------------------------------------------
  control                |      Coef.   Std. err.        z    P>|z|
------------------------+-------------------------------------------
  regime 1 (ln_wage_1)
        E[u^2-1 | D,Z]  |    -1.7663      1.1195    -1.58    0.115
       E[u^3-3u | D,Z]  |     .57821      .33129     1.75    0.081
  regime 0 (ln_wage_0)
        E[u^2-1 | D,Z]  |   -.043047      .32892    -0.13    0.896
       E[u^3-3u | D,Z]  |     1.5942      1.1198     1.42    0.155
--------------------------------------------------------------------
  joint      Wald chi2(4) =     4.86   Prob > chi2 = 0.3020
  regime 1   Wald chi2(2) =     4.01   Prob > chi2 = 0.1348
  regime 0   Wald chi2(2) =     2.68   Prob > chi2 = 0.2614
  cubic terms (u^3-3u, both regimes) Wald chi2(2) =     3.43   Prob > chi2 = 0.1802
Reading: (a) rejects when the regime laws are not normal (the likelihood is then
inconsistent, the two-step is not); (b) rejects when E[omega_j | u] bends (both routes
lose the curve; the augmented two-step, esreg ..., method(twostep) hermite(#), fits it,
of order 3 if the cubic terms reject, else 2; the semiparametric MTE of esrmte checks it).

. di as txt "expected (Python, ln_wage): Hausman 29.72 (p .040); kappa 2S .2102 vs FIML -.0571; Hermite 4.86"
expected (Python, ln_wage): Hausman 29.72 (p .040); kappa 2S .2102 vs FIML -.0571; Hermite 4.86

. esreg ln_wage age grade smsa black tenure, select(union = south black tenure) method(twostep) nolog

Endogenous switching regression -- two-step     Number of obs =      1210
Outcome: ln_wage   Treatment: union             Treated       =       253
Std. err.: exact variance of the two-step procedure (stacked moments)
------------------------------------------------------------------------------
     ln_wage | Coefficient  Std. err.      z    P>|z|     [95% conf. interval]
-------------+----------------------------------------------------------------
union        |
       south |  -.4895032   .0941021    -5.20   0.000    -.6739399   -.3050666
       black |   .4397974   .0976009     4.51   0.000     .2485031    .6310917
      tenure |   .0997638   .0243689     4.09   0.000     .0520018    .1475259
       _cons |  -.9679795    .074754   -12.95   0.000    -1.114495   -.8214643
-------------+----------------------------------------------------------------
ln_wage_1    |
         age |   .0218579   .0065597     3.33   0.001     .0090012    .0347146
       grade |   .0534746   .0077535     6.90   0.000     .0382781    .0686712
        smsa |   .1343401   .0418303     3.21   0.001     .0523543     .216326
       black |  -.2061484   .0533007    -3.87   0.000    -.3106158    -.101681
      tenure |   .0086532   .0178625     0.48   0.628    -.0263568    .0436631
      lambda |  -.3330608   .1102159    -3.02   0.003      -.54908   -.1170415
       _cons |   1.032811   .2592975     3.98   0.000     .5245972    1.541025
-------------+----------------------------------------------------------------
ln_wage_0    |
         age |   .0257023   .0038474     6.68   0.000     .0181615    .0332431
       grade |   .0754771   .0065653    11.50   0.000     .0626094    .0883449
        smsa |   .1783248   .0260792     6.84   0.000     .1272106    .2294391
       black |  -.1755614   .0370195    -4.74   0.000    -.2481182   -.1030045
      tenure |   .0203441   .0104931     1.94   0.053    -.0002221    .0409102
      lambda |  -.5432683   .1432337    -3.79   0.000    -.8240011   -.2625355
       _cons |  -.2213231   .1198433    -1.85   0.065    -.4562115    .0135654
------------------------------------------------------------------------------
sigma_1 =  .394017   sigma_0 =  .464616   rho_1 = -.845295   rho_0 = -1.16928

Treatment effects (std. err.: influence function of the whole procedure)
----------------------------------------------------------------------------
Index    |   Estimate   Std. err.        z    P>|z|     [95% conf. interval]
---------+------------------------------------------------------------------
     ATT |    1.09796     .248728     4.41   0.000      .610461     1.58546
     ATU |     .76054     .195189     3.90   0.000      .377976      1.1431
     ATE |    .831091     .177648     4.68   0.000      .482908     1.17927
   kappa |    .210207     .152303     1.38   0.168    -.0883019     .508717
----------------------------------------------------------------------------
kappa = rho1*sigma1 - rho0*sigma0;  ATT - ATU = kappa*(mean lambda1 + mean lambda0)
Variance of ATT: parameters    .0611 + sampling  .000034 + covariance  .000762 (by observation)
Common support of P(Z): [0.0725, 0.7015]

. esrtest, pdid nq(4)

Pseudo-DiD on the selection index (H0: no selection on gains, kappa = 0)
(strata of the probit index Z'g; X-adjusted gap treated - untreated within each)
------------------------------------------------------------------------------
stratum |    n1     n0   mean P |     gap  Std. err. | mean lambda1  mean lambda0
--------+----------------------+--------------------+--------------------------
    1   |    35    276    0.107 |  0.2221     0.0455 |       1.6605        0.2078
    2   |    54    240    0.179 |  0.1752     0.0492 |       1.4605        0.3186
    3   |    63    242    0.219 |  0.1672     0.0374 |       1.3424        0.3778
    4   |   101    199    0.327 |  0.1181     0.0317 |       1.0896        0.5345
------------------------------------------------------------------------------
  double difference of the gaps, top - bottom:     -0.1040  (s.e. 0.0555)
  within treated,   top - bottom (C1):             0.0839  (s.e. 0.0632, z =   1.33)   sign of rho1*sigma1 = sign(C1/pi1
> ), pi1 = -0.403
  within untreated, top - bottom (C0):             0.2052  (s.e. 0.0442, z =   4.64)   sign of rho0*sigma0 = -sign(C0/pi
> 0), pi0 =  0.207
  rho1*sigma1 = C1/pi1 =  -0.2079 (s.e. 0.1641)    rho0*sigma0 = -C0/pi0 =  -0.9899 (s.e. 0.2918)
  kappa_dd =   0.7820  (s.e. 0.2989, z =   2.62)     esreg kappa =   0.2102 (s.e. 0.1523)
pi_j: the X-adjusted contrast of the Mills ratio lambda_j, top - bottom, in group j (the same
regression as C_j with lambda_j for y).
Std. err.: influence function of the whole procedure (probit, boundaries of the strata, regressions).
note: the boundary between strata 1 and 2 sits on tied values of the index (1.1%
  of the sample at one value), which a resample can move as a block: the standard errors
  of the gaps, of the double difference and, less so, of C1 and C0 are approximate
  (kappa_dd resists: C_j and pi_j move together); reps(#) gives the bootstrap of the whole procedure.
note: the boundary between strata 2 and 3 sits on tied values of the index (1.4%
  of the sample at one value), which a resample can move as a block: the standard errors
  of the gaps, of the double difference and, less so, of C1 and C0 are approximate
  (kappa_dd resists: C_j and pi_j move together); reps(#) gives the bootstrap of the whole procedure.
note: the Mills contrast pi1 has a coefficient of variation of 24%: rho1*sigma1 = C1/pi1
  and kappa_dd are far from normal and their standard errors approximate; read the sign of C1, or use reps(#).
note: the Mills contrast pi0 has a coefficient of variation of 20%: rho0*sigma0 = -C0/pi0
  and kappa_dd are far from normal and their standard errors approximate; read the sign of C0, or use reps(#).
Reading: with kappa > 0 the gap falls across the strata (the eager treated at low P gain
more, the reluctant untreated at high P would have gained less); the signs of C1 and C0 need
only A2; kappa_dd uses the Mills ratios of A1. Never split on the outcome itself (collider).

. di as txt "expected (Python, xtile strata): kappa_dd .7820 (.2989); C1 .0839 (.0632) C0 .2052 (.0442); pi1 -.4033 pi0 
> .2073"
expected (Python, xtile strata): kappa_dd .7820 (.2989); C1 .0839 (.0632) C0 .2052 (.0442); pi1 -.4033 pi0 .2073

. 
end of do-file
