------------------------------------------------------------------------------------------------------------------------
      name:  rep
       log:  logs/mc_summary_AC.log
  log type:  text
 opened on:   3 Oct 2026, 08:38:40

. * mc_summary.do <design> [routes] -- combines the blocks of mc_se.do (mc_aug.do)
. * and reports, for each statistic: the true value, the mean estimate (bias), the
. * standard deviation of the estimates over the replications, the root mean square
. * of the analytic standard errors, their ratio (with its Monte Carlo precision
. * 1/sqrt(2R)), the coverage of the 95% interval (with its precision), and the root
. * mean square error of the estimates.  routes (designs AN, AC): other routes of
. * mc_aug.do computed later on the same samples (files mc_<design>-<routes>_*.dta),
. * merged by replication with the stored ones.
. * True values (closed forms, checked by a simulation of 4 x 10^7 draws):
. *   N: ATT 1.1778739, ATU -0.3546754, ATE 0.5, kappa 1.08, kappa_DD 1.08,
. *      MTE(u) = 0.5 + 1.08 invnormal(1 - u): 1.884076, 0.5, -0.884076
. *   K: ATT 1.1713871, ATU -0.3464967, ATE 0.5, mean kappa 1.08, slope 0.4, MTE as N
. *   AN (mc_aug.do, design N): as N, and dh2 = dh3 = 0
. *   AC (mc_aug.do, design C1): ATT 1.0349929, ATU -0.1745285, ATE 0.5, kappa 1.08,
. *      dh2 0, dh3 0.54, MTE(u) = 0.5 + 1.08 v + 0.54 (v^3 - 3v), v = invnormal(1 - u):
. *      0.9445474, 0.5, 0.0554526
. args design routes

. version 16

. clear all

. set more off

. set linesize 120

. local W = subinstr("`c(pwd)'", "\", "/", .) + "/tests/mc/out"

. local files : dir "`W'" files "mc_`design'_*.dta"

. local first 1

. foreach f of local files {
  2.     if (`first') use "`W'/`f'", clear
  3.     else         append using "`W'/`f'"
  4.     local first 0
  5. }

. if ("`routes'" != "") {
.     local rtag = subinstr("`routes'", " ", "", .)
.     tempfile base xr
.     qui save `base'
.     local xf : dir "`W'" files "mc_`design'-`rtag'_*.dta"
.     local first 1
.     foreach f of local xf {
  2.         if (`first') use "`W'/`f'", clear
  3.         else         append using "`W'/`f'"
  4.         local first 0
  5.     }
.     qui save `xr'
.     use `base', clear
.     qui merge 1:1 rep using `xr', keep(match) nogen
. }

. duplicates report rep

Duplicates in terms of rep

--------------------------------------
   Copies | Observations       Surplus
----------+---------------------------
        1 |         2000             0
--------------------------------------

. local R = _N

. local t_att  = cond(inlist("`design'", "N", "AN"), 1.1778739, cond("`design'" == "AC", 1.0349929, 1.1713871))

. local t_atu  = cond(inlist("`design'", "N", "AN"), -0.3546754, cond("`design'" == "AC", -0.1745285, -0.3464967))

. local t_ate  = 0.5

. local t_kap  = 1.08

. local t_kdd  = 1.08

. local t_slope = 0.4

. local t_m10  = 0.5 + 1.08*invnormal(.9)

. local t_m50  = 0.5

. local t_m90  = 0.5 + 1.08*invnormal(.1)

. local t_dh2  = 0

. local t_dh3  = cond("`design'" == "AC", 0.54, 0)

. if ("`design'" == "AC") {
.     foreach p in 10 50 90 {
  2.         local v = invnormal(1 - `p'/100)
  3.         local t_m`p' = 0.5 + 1.08*`v' + 0.54*(`v'^3 - 3*`v')
  4.     }
. }

. if ("`design'" == "N")     local stats "ts_att ts_atu ts_ate ts_kap ts_m10 ts_m50 ts_m90 kdd fi_att fi_atu fi_ate fi_k
> ap fi_m10 fi_m50 fi_m90"

. else if ("`design'" == "K") local stats "kx_att kx_atu kx_ate kx_kap kx_slope kx_m10 kx_m50 kx_m90"

. else local stats "ln_att ln_atu ln_ate ln_kap ln_m10 ln_m50 ln_m90 h3_att h3_atu h3_ate h3_kap h3_m10 h3_m50 h3_m90 h3
> _dh2 h3_dh3"

. foreach route of local routes {
  2.     local stats "`stats' `route'_att `route'_atu `route'_ate `route'_kap `route'_m10 `route'_m50 `route'_m90 `route
> '_dh2 `route'_dh3"
  3. }

. tempname S

. mat `S' = J(`: word count `stats'', 10, .)

. di as txt _n "{hline 118}"

----------------------------------------------------------------------------------------------------------------------

. di as txt "Monte Carlo, design `design': " as res `R' as txt " replications; ratio = rms(se) / sd(estimates), precisio
> n about +-" ///
>    as res %4.1f 100/sqrt(2*`R') as txt "%; coverage precision about +-" as res %4.1f 100*sqrt(.95*.05/`R') as txt "%"
Monte Carlo, design AC: 2000 replications; ratio = rms(se) / sd(estimates), precision about +- 1.6%; coverage precision 
> about +- 0.5%

. di as txt "{hline 118}"
----------------------------------------------------------------------------------------------------------------------

. di as txt "  statistic {c |}     true      mean      bias        sd   rms(se)  mean(se)     ratio  coverage95   valid 
>      rmse"
  statistic |     true      mean      bias        sd   rms(se)  mean(se)     ratio  coverage95   valid      rmse

. di as txt "{hline 11}{c +}{hline 106}"
-----------+----------------------------------------------------------------------------------------------------------

. local i = 0

. foreach s of local stats {
  2.     local ++i
  3.     local k = substr("`s'", strpos("`s'", "_") + 1, .)
  4.     if ("`s'" == "kdd") local k "kdd"
  5.     local tv = `t_`k''
  6.     qui count if `s' < . & se_`s' < .
  7.     local nv = r(N)
  8.     qui summarize `s' if se_`s' < .
  9.     local mn = r(mean)
 10.     local sd = r(sd)
 11.     tempvar q c
 12.     qui gen double `q' = se_`s'^2 if `s' < .
 13.     qui summarize `q', meanonly
 14.     local rms = sqrt(r(mean))
 15.     qui summarize se_`s' if `s' < ., meanonly
 16.     local mse = r(mean)
 17.     qui gen byte `c' = abs(`s' - `tv') <= invnormal(.975)*se_`s' if `s' < . & se_`s' < .
 18.     qui summarize `c', meanonly
 19.     local cov = r(mean)
 20.     di as txt %10s "`s'" " {c |}" as res %9.4f `tv' %10.4f `mn' %10.4f `mn' - `tv' %10.4f `sd' %10.4f `rms' ///
>        %10.4f `mse' %10.4f `rms'/`sd' %12.4f `cov' %8.0f `nv' %10.4f sqrt((`mn' - `tv')^2 + `sd'^2)
 21.     mat `S'[`i', 1] = `tv'
 22.     mat `S'[`i', 2] = `mn'
 23.     mat `S'[`i', 3] = `sd'
 24.     mat `S'[`i', 4] = `rms'
 25.     mat `S'[`i', 5] = `mse'
 26.     mat `S'[`i', 6] = `rms'/`sd'
 27.     mat `S'[`i', 7] = `cov'
 28.     mat `S'[`i', 8] = `nv'
 29.     mat `S'[`i', 9] = `R'
 30.     mat `S'[`i', 10] = sqrt((`mn' - `tv')^2 + `sd'^2)
 31. }
    ln_att |   1.0350    1.0306   -0.0044    0.1213    0.1224    0.1223    1.0090      0.9495    2000    0.1214
    ln_atu |  -0.1745   -0.1596    0.0149    0.2419    0.2389    0.2352    0.9880      0.9480    2000    0.2423
    ln_ate |   0.5000    0.5040    0.0040    0.1273    0.1259    0.1252    0.9887      0.9505    2000    0.1274
    ln_kap |   1.0800    0.7833   -0.2967    0.2209    0.2188    0.2157    0.9904      0.6500    2000    0.3699
    ln_m10 |   0.9445    1.5079    0.5634    0.2439    0.2427    0.2412    0.9950      0.3525    2000    0.6139
    ln_m50 |   0.5000    0.5040    0.0040    0.1273    0.1259    0.1252    0.9887      0.9505    2000    0.1274
    ln_m90 |   0.0555   -0.4998   -0.5553    0.3651    0.3606    0.3548    0.9879      0.6740    2000    0.6645
    h3_att |   1.0350    1.0272   -0.0077    0.2982    0.2982    0.2960    0.9999      0.9500    2000    0.2983
    h3_atu |  -0.1745   -0.1689    0.0056    0.5469    0.5275    0.5159    0.9645      0.9520    2000    0.5469
    h3_ate |   0.5000    0.4978   -0.0022    0.2993    0.2892    0.2856    0.9661      0.9420    2000    0.2993
    h3_kap |   1.0800    1.0617   -0.0183    0.6501    0.6329    0.6212    0.9736      0.9505    2000    0.6504
    h3_m10 |   0.9445    0.9487    0.0042    0.6534    0.6489    0.6451    0.9931      0.9510    2000    0.6534
    h3_m50 |   0.5000    0.4964   -0.0036    0.2405    0.2435    0.2423    1.0125      0.9525    2000    0.2405
    h3_m90 |   0.0555    0.0488   -0.0067    0.7936    0.7721    0.7605    0.9729      0.9470    2000    0.7936
    h3_dh2 |   0.0000    0.0014    0.0014    0.4735    0.4661    0.4624    0.9846      0.9470    2000    0.4735
    h3_dh3 |   0.5400    0.5234   -0.0166    0.3453    0.3301    0.3158    0.9559      0.9280    2000    0.3457

. di as txt "{hline 118}"
----------------------------------------------------------------------------------------------------------------------

. mat rownames `S' = `stats'

. mat colnames `S' = true mean sd rms_se mean_se ratio coverage valid R rmse

. mat list `S', format(%9.4f)

__000000[16,10]
             true       mean         sd     rms_se    mean_se      ratio   coverage      valid          R       rmse
ln_att     1.0350     1.0306     0.1213     0.1224     0.1223     1.0090     0.9495  2000.0000  2000.0000     0.1214
ln_atu    -0.1745    -0.1596     0.2419     0.2389     0.2352     0.9880     0.9480  2000.0000  2000.0000     0.2423
ln_ate     0.5000     0.5040     0.1273     0.1259     0.1252     0.9887     0.9505  2000.0000  2000.0000     0.1274
ln_kap     1.0800     0.7833     0.2209     0.2188     0.2157     0.9904     0.6500  2000.0000  2000.0000     0.3699
ln_m10     0.9445     1.5079     0.2439     0.2427     0.2412     0.9950     0.3525  2000.0000  2000.0000     0.6139
ln_m50     0.5000     0.5040     0.1273     0.1259     0.1252     0.9887     0.9505  2000.0000  2000.0000     0.1274
ln_m90     0.0555    -0.4998     0.3651     0.3606     0.3548     0.9879     0.6740  2000.0000  2000.0000     0.6645
h3_att     1.0350     1.0272     0.2982     0.2982     0.2960     0.9999     0.9500  2000.0000  2000.0000     0.2983
h3_atu    -0.1745    -0.1689     0.5469     0.5275     0.5159     0.9645     0.9520  2000.0000  2000.0000     0.5469
h3_ate     0.5000     0.4978     0.2993     0.2892     0.2856     0.9661     0.9420  2000.0000  2000.0000     0.2993
h3_kap     1.0800     1.0617     0.6501     0.6329     0.6212     0.9736     0.9505  2000.0000  2000.0000     0.6504
h3_m10     0.9445     0.9487     0.6534     0.6489     0.6451     0.9931     0.9510  2000.0000  2000.0000     0.6534
h3_m50     0.5000     0.4964     0.2405     0.2435     0.2423     1.0125     0.9525  2000.0000  2000.0000     0.2405
h3_m90     0.0555     0.0488     0.7936     0.7721     0.7605     0.9729     0.9470  2000.0000  2000.0000     0.7936
h3_dh2     0.0000     0.0014     0.4735     0.4661     0.4624     0.9846     0.9470  2000.0000  2000.0000     0.4735
h3_dh3     0.5400     0.5234     0.3453     0.3301     0.3158     0.9559     0.9280  2000.0000  2000.0000     0.3457

. * identities of the routes by regime, replication by replication: ATT depends on
. * the untreated regime's Hermite terms only, ATU on the treated regime's
. foreach route of local routes {
  2.     if ("`route'" == "r1") local pairs "r1_att ln_att r1_atu h3_atu"
  3.     if ("`route'" == "r0") local pairs "r0_att h3_att r0_atu ln_atu"
  4.     if (!inlist("`route'", "r1", "r0")) continue
  5.     while ("`pairs'" != "") {
  6.         gettoken a pairs : pairs
  7.         gettoken b pairs : pairs
  8.         foreach v in "" "se_" {
  9.             tempvar g
 10.             qui gen double `g' = abs(`v'`a' - `v'`b')
 11.             qui summarize `g', meanonly
 12.             di as txt "identity `v'`a' = `v'`b': largest |difference| over the replications " as res %9.2e r(max)
 13.         }
 14.     }
 15. }

. 
end of do-file
